// Jest Snapshot v1, https://goo.gl/fbAQLP

exports[`Issues.js Рендер компонента Issues без ошибок 1`] = `
<div
  className="issues"
/>
`;
